#
# There is insufficient memory for the Java Runtime Environment to continue.
# Native memory allocation (mmap) failed to map 264241152 bytes. Error detail: G1 virtual space
# Possible reasons:
#   The system is out of physical RAM or swap space
#   This process is running with CompressedOops enabled, and the Java Heap may be blocking the growth of the native heap
# Possible solutions:
#   Reduce memory load on the system
#   Increase physical memory or swap space
#   Check if swap backing store is full
#   Decrease Java heap size (-Xmx/-Xms)
#   Decrease number of Java threads
#   Decrease Java thread stack sizes (-Xss)
#   Set larger code cache with -XX:ReservedCodeCacheSize=
#   JVM is running with Zero Based Compressed Oops mode in which the Java heap is
#     placed in the first 32GB address space. The Java Heap base address is the
#     maximum limit for the native heap growth. Please use -XX:HeapBaseMinAddress
#     to set the Java Heap base and to place the Java Heap above 32GB virtual address.
# This output file may be truncated or incomplete.
#
#  Out of Memory Error (os_windows.cpp:3557), pid=3412, tid=9336
#
# JRE version:  (25.0.2+10) (build )
# Java VM: OpenJDK 64-Bit Server VM (25.0.2+10-LTS, mixed mode, sharing, tiered, compressed oops, compressed class ptrs, g1 gc, windows-amd64)
# No core dump will be written. Minidumps are not enabled by default on client versions of Windows
#

---------------  S U M M A R Y ------------

Command Line: --enable-native-access=ALL-UNNAMED -Dclassworlds.conf=C:\Users\phalg\.m2\wrapper\dists\apache-maven-3.9.16\0daed3be3ebd1c706f0e69e8b07c6b73f5cc4ea3dfce72a8d0ec2e849ca2ddb0\bin\m2.conf -Dmaven.home=C:\Users\phalg\.m2\wrapper\dists\apache-maven-3.9.16\0daed3be3ebd1c706f0e69e8b07c6b73f5cc4ea3dfce72a8d0ec2e849ca2ddb0 -Dlibrary.jansi.path=C:\Users\phalg\.m2\wrapper\dists\apache-maven-3.9.16\0daed3be3ebd1c706f0e69e8b07c6b73f5cc4ea3dfce72a8d0ec2e849ca2ddb0\lib\jansi-native -Dmaven.multiModuleProjectDirectory=d:\distributed-rate-limiter\distributed-rate-limiter org.codehaus.plexus.classworlds.launcher.Launcher help:effective-pom -Doutput=effective-pom-a21e4146-d2a1-4c29-a1d8-9f4286870031.log

Host: 12th Gen Intel(R) Core(TM) i5-1235U, 12 cores, 15G,  Windows 11 , 64 bit Build 26100 (10.0.26100.9168)
Time: Mon Aug 24 23:58:21 2026 India Standard Time elapsed time: 2.055484 seconds (0d 0h 0m 2s)

---------------  T H R E A D  ---------------

Current thread (0x0000020437665160):  JavaThread "Unknown thread" [_thread_in_vm, id=9336, stack(0x000000a2a1900000,0x000000a2a1a00000) (1024K)]

Stack: [0x000000a2a1900000,0x000000a2a1a00000]
Native frames: (J=compiled Java code, j=interpreted, Vv=VM code, C=native code)
V  [jvm.dll+0x7b0319]  (no source info available)
V  [jvm.dll+0x77da3d]  (no source info available)
V  [jvm.dll+0x9fe713]  (no source info available)
V  [jvm.dll+0xa00cec]  (no source info available)
V  [jvm.dll+0xa013e3]  (no source info available)
V  [jvm.dll+0x304986]  (no source info available)
V  [jvm.dll+0x7af7e5]  (no source info available)
V  [jvm.dll+0x7a2cf7]  (no source info available)
V  [jvm.dll+0x3fd70e]  (no source info available)
V  [jvm.dll+0x40551b]  (no source info available)
V  [jvm.dll+0x3f1729]  (no source info available)
V  [jvm.dll+0x3f19db]  (no source info available)
V  [jvm.dll+0x3c89d3]  (no source info available)
V  [jvm.dll+0x3c963e]  (no source info available)
V  [jvm.dll+0x9c58d7]  (no source info available)
V  [jvm.dll+0x462c72]  (no source info available)
V  [jvm.dll+0x9a9209]  (no source info available)
V  [jvm.dll+0x5038f1]  (no source info available)
V  [jvm.dll+0x5051b1]  (no source info available)
C  [jli.dll+0x541e]  (no source info available)
C  [ucrtbase.dll+0x2cd30]  (no source info available)
C  [KERNEL32.DLL+0x2ccb7]  (no source info available)
C  [ntdll.dll+0xaad6c]  (no source info available)

Lock stack of current Java thread (top to bottom):


---------------  P R O C E S S  ---------------

Threads class SMR info:
_java_thread_list=0x00007fff406c7088, length=0, elements={
}

Java Threads: ( => current thread )
Total: 0

Other Threads:
  0x00000204376ca420 WorkerThread "GC Thread#0"                     [id=7200, stack(0x000000a2a1a00000,0x000000a2a1b00000) (1024K)]
  0x00000204376e4140 ConcurrentGCThread "G1 Main Marker"            [id=3304, stack(0x000000a2a1b00000,0x000000a2a1c00000) (1024K)]
  0x00000204376e4ce0 WorkerThread "G1 Conc#0"                       [id=10020, stack(0x000000a2a1c00000,0x000000a2a1d00000) (1024K)]

[error occurred during error reporting (printing all threads), id 0xc0000005, EXCEPTION_ACCESS_VIOLATION (0xc0000005) at pc=0x00007fff3fced55a]
VM state: not at safepoint (not fully initialized)

VM Mutex/Monitor currently owned by a thread:  ([mutex/lock_event])
[0x00007fff4074f958] Heap_lock - owner thread: 0x0000020437665160

Heap address: 0x0000000705200000, size: 4014 MB, Compressed Oops mode: Zero based, Oop shift amount: 3

CDS archive(s) mapped at: [0x0000000000000000-0x0000000000000000-0x0000000000000000), size 0, SharedBaseAddress: 0x0000000800000000, ArchiveRelocationMode: 1.
UseCompressedClassPointers 1, UseCompactObjectHeaders 0
Narrow klass pointer bits 32, Max shift 3
Narrow klass base: 0xffffffffffffffff, Narrow klass shift: -1
Encoding Range: [0xffffffffffffffff - 0x000000007fffffff), (2147483648 bytes)
Klass Range:    [0x0000000000000000 - 0x0000000000000000), (0 bytes)
Klass ID Range:  [4294967295 - 0) (1)
No protection zone.

GC Precious Log:
 CardTable entry size: 512
 Card Set container configuration: InlinePtr #cards 4 size 8 Array Of Cards #cards 16 size 48 Howl #buckets 8 coarsen threshold 3686 Howl Bitmap #cards 512 size 80 coarsen threshold 460 Card regions per heap region 1 cards per card region 4096

Heap:
 garbage-first heap   total reserved 4110336K, committed 0K, used 0K [0x0000000705200000, 0x0000000800000000)
  region size 2048K, 0 young (0K), 0 survivors (0K)

Heap Regions: E=young(eden), S=young(survivor), O=old, HS=humongous(starts), HC=humongous(continues), CS=collection set, F=free, TAMS=top-at-mark-start, PB=parsable bottom

Card table byte_map: [0x000002044fe80000,0x0000020450660000] _byte_map_base: 0x000002044c657000

Marking Bits: (CMBitMap*) 0x00000204376cbfc0
 Bits: [0x0000020450660000, 0x0000020454518000)

GC Heap Usage History (0 events):
No events

Metaspace Usage History (0 events):
No events

Dll operation events (1 events):
Event: 0.025 Loaded shared library C:\Users\phalg\.jdk\jdk-25\jdk-25.0.2\bin\java.dll

Deoptimization events (0 events):
No events

Classes loaded (0 events):
No events

Classes unloaded (0 events):
No events

Classes redefined (0 events):
No events

Internal exceptions (0 events):
No events

VM Operations (0 events):
No events

Memory protections (0 events):
No events

Nmethod flushes (0 events):
No events

Events (0 events):
No events


Dynamic libraries:
0x00007ff69cfd0000 - 0x00007ff69cfde000 	C:\Users\phalg\.jdk\jdk-25\jdk-25.0.2\bin\java.exe
0x00007fffda1e0000 - 0x00007fffda446000 	C:\WINDOWS\SYSTEM32\ntdll.dll
0x00007fffd8980000 - 0x00007fffd8a49000 	C:\WINDOWS\System32\KERNEL32.DLL
0x00007fffd76a0000 - 0x00007fffd7a9f000 	C:\WINDOWS\System32\KERNELBASE.dll
0x00007fffd7ab0000 - 0x00007fffd7bfc000 	C:\WINDOWS\System32\ucrtbase.dll
0x00007fff99e60000 - 0x00007fff99e77000 	C:\Users\phalg\.jdk\jdk-25\jdk-25.0.2\bin\jli.dll
0x00007fff99dd0000 - 0x00007fff99dee000 	C:\Users\phalg\.jdk\jdk-25\jdk-25.0.2\bin\VCRUNTIME140.dll
0x00007fffd8160000 - 0x00007fffd8326000 	C:\WINDOWS\System32\USER32.dll
0x00007fffd7c10000 - 0x00007fffd7c37000 	C:\WINDOWS\System32\win32u.dll
0x00007fffb1330000 - 0x00007fffb15c1000 	C:\WINDOWS\WinSxS\amd64_microsoft.windows.common-controls_6595b64144ccf1df_6.0.26100.8972_none_3e0da176e32f9d4b\COMCTL32.dll
0x00007fffd8690000 - 0x00007fffd8739000 	C:\WINDOWS\System32\msvcrt.dll
0x00007fffd8740000 - 0x00007fffd876b000 	C:\WINDOWS\System32\GDI32.dll
0x00007fffd73f0000 - 0x00007fffd7519000 	C:\WINDOWS\System32\gdi32full.dll
0x00007fffd7c40000 - 0x00007fffd7ce3000 	C:\WINDOWS\System32\msvcp_win.dll
0x00007fffd8ee0000 - 0x00007fffd8f12000 	C:\WINDOWS\System32\IMM32.DLL
0x00007fffad490000 - 0x00007fffad49c000 	C:\Users\phalg\.jdk\jdk-25\jdk-25.0.2\bin\vcruntime140_1.dll
0x00007fff92f50000 - 0x00007fff92fd9000 	C:\Users\phalg\.jdk\jdk-25\jdk-25.0.2\bin\msvcp140.dll
0x00007fff3f910000 - 0x00007fff4083f000 	C:\Users\phalg\.jdk\jdk-25\jdk-25.0.2\bin\server\jvm.dll
0x00007fffd92b0000 - 0x00007fffd936c000 	C:\WINDOWS\System32\ADVAPI32.dll
0x00007fffd8090000 - 0x00007fffd813a000 	C:\WINDOWS\System32\sechost.dll
0x00007fffd7f10000 - 0x00007fffd8028000 	C:\WINDOWS\System32\RPCRT4.dll
0x00007fffd88f0000 - 0x00007fffd8972000 	C:\WINDOWS\System32\WS2_32.dll
0x00007fffc2790000 - 0x00007fffc279b000 	C:\WINDOWS\SYSTEM32\VERSION.dll
0x00007fffd7250000 - 0x00007fffd72ae000 	C:\WINDOWS\SYSTEM32\POWRPROF.dll
0x00007fffcb200000 - 0x00007fffcb236000 	C:\WINDOWS\SYSTEM32\WINMM.dll
0x00007fffd7230000 - 0x00007fffd7245000 	C:\WINDOWS\SYSTEM32\UMPDC.dll
0x00007fffd60e0000 - 0x00007fffd60fb000 	C:\WINDOWS\SYSTEM32\kernel.appcore.dll
0x00007fffad440000 - 0x00007fffad44a000 	C:\Users\phalg\.jdk\jdk-25\jdk-25.0.2\bin\jimage.dll
0x00007fffd49a0000 - 0x00007fffd4be2000 	C:\WINDOWS\SYSTEM32\DBGHELP.DLL
0x00007fffd8f20000 - 0x00007fffd92a5000 	C:\WINDOWS\System32\combase.dll
0x00007fffd8770000 - 0x00007fffd8849000 	C:\WINDOWS\System32\OLEAUT32.dll
0x00007fffb0740000 - 0x00007fffb077b000 	C:\WINDOWS\SYSTEM32\dbgcore.DLL
0x00007fffd7520000 - 0x00007fffd75cc000 	C:\WINDOWS\System32\bcryptPrimitives.dll
0x00007fff934f0000 - 0x00007fff9350f000 	C:\Users\phalg\.jdk\jdk-25\jdk-25.0.2\bin\java.dll
0x00007fffd8330000 - 0x00007fffd84c9000 	C:\WINDOWS\System32\ole32.dll
0x00007fffd9410000 - 0x00007fffd9b98000 	C:\WINDOWS\System32\SHELL32.dll

JVMTI agents: none

dbghelp: loaded successfully - version: 4.0.5 - missing functions: none
symbol engine: initialized successfully - sym options: 0x614 - pdb path: .;C:\Users\phalg\.jdk\jdk-25\jdk-25.0.2\bin;C:\WINDOWS\SYSTEM32;C:\WINDOWS\WinSxS\amd64_microsoft.windows.common-controls_6595b64144ccf1df_6.0.26100.8972_none_3e0da176e32f9d4b;C:\Users\phalg\.jdk\jdk-25\jdk-25.0.2\bin\server

VM Arguments:
jvm_args: --enable-native-access=ALL-UNNAMED -Dclassworlds.conf=C:\Users\phalg\.m2\wrapper\dists\apache-maven-3.9.16\0daed3be3ebd1c706f0e69e8b07c6b73f5cc4ea3dfce72a8d0ec2e849ca2ddb0\bin\m2.conf -Dmaven.home=C:\Users\phalg\.m2\wrapper\dists\apache-maven-3.9.16\0daed3be3ebd1c706f0e69e8b07c6b73f5cc4ea3dfce72a8d0ec2e849ca2ddb0 -Dlibrary.jansi.path=C:\Users\phalg\.m2\wrapper\dists\apache-maven-3.9.16\0daed3be3ebd1c706f0e69e8b07c6b73f5cc4ea3dfce72a8d0ec2e849ca2ddb0\lib\jansi-native -Dmaven.multiModuleProjectDirectory=d:\distributed-rate-limiter\distributed-rate-limiter 
java_command: org.codehaus.plexus.classworlds.launcher.Launcher help:effective-pom -Doutput=effective-pom-a21e4146-d2a1-4c29-a1d8-9f4286870031.log
java_class_path (initial): C:\Users\phalg\.m2\wrapper\dists\apache-maven-3.9.16\0daed3be3ebd1c706f0e69e8b07c6b73f5cc4ea3dfce72a8d0ec2e849ca2ddb0\boot\plexus-classworlds-2.11.0.jar
Launcher Type: SUN_STANDARD

[Global flags]
     intx CICompilerCount                          = 4                                         {product} {ergonomic}
     uint ConcGCThreads                            = 3                                         {product} {ergonomic}
     uint G1ConcRefinementThreads                  = 10                                        {product} {ergonomic}
   size_t G1HeapRegionSize                         = 2097152                                   {product} {ergonomic}
   size_t InitialHeapSize                          = 264241152                                 {product} {ergonomic}
   size_t MarkStackSize                            = 4194304                                   {product} {ergonomic}
   size_t MarkStackSizeMax                         = 536870912                                 {product} {ergonomic}
   size_t MaxHeapSize                              = 4208984064                                {product} {ergonomic}
   size_t MinHeapDeltaBytes                        = 2097152                                   {product} {ergonomic}
   size_t MinHeapSize                              = 8388608                                   {product} {ergonomic}
    uintx NonNMethodCodeHeapSize                   = 5832704                                {pd product} {ergonomic}
    uintx NonProfiledCodeHeapSize                  = 122945536                              {pd product} {ergonomic}
    uintx ProfiledCodeHeapSize                     = 122880000                              {pd product} {ergonomic}
    uintx ReservedCodeCacheSize                    = 251658240                              {pd product} {ergonomic}
     bool SegmentedCodeCache                       = true                                      {product} {ergonomic}
   size_t SoftMaxHeapSize                          = 4208984064                             {manageable} {ergonomic}
     bool UseCompressedOops                        = true                           {product lp64_product} {ergonomic}
     bool UseG1GC                                  = true                                      {product} {ergonomic}
     bool UseLargePagesIndividualAllocation        = false                                  {pd product} {ergonomic}

Logging:
Log output configuration:
 #0: stdout all=warning uptime,level,tags foldmultilines=false
 #1: stderr all=off uptime,level,tags foldmultilines=false

Release file:
<release file has not been read>
Environment Variables:
JAVA_HOME=C:\Users\phalg\.jdk\jdk-25\jdk-25.0.2
PATH=C:\Users\phalg\.jdk\jdk-25\jdk-25.0.2\bin;C:\Users\phalg\.jdk\jdk-25\jdk-25.0.2\bin;C:\Python314\Scripts\;C:\Python314\;C:\Program Files\Common Files\Oracle\Java\javapath;C:\WINDOWS\system32;C:\WINDOWS;C:\WINDOWS\System32\Wbem;C:\WINDOWS\System32\WindowsPowerShell\v1.0\;C:\WINDOWS\System32\OpenSSH\;C:\MinGW\bin;C:\Program Files\Git\cmd;C:\WINDOWS\system32;C:\WINDOWS;C:\WINDOWS\System32\Wbem;C:\WINDOWS\System32\WindowsPowerShell\v1.0\;C:\WINDOWS\System32\OpenSSH\;C:\Program Files\GitHub CLI\;C:\ProgramData\chocolatey\bin;C:\Program Files\nodejs\;C:\Program Files\MySQL\MySQL Shell 8.0\bin\;C:\Users\phalg\AppData\Local\Programs\Python\Python312\Scripts\;C:\Users\phalg\AppData\Local\Programs\Python\Python312\;C:\Users\phalg\AppData\Local\Microsoft\WindowsApps;C:\Program Files\JetBrains\PyCharm 2023.2.1\bin;C:\Users\phalg\AppData\Local\Programs\Microsoft VS Code\bin;C:\Users\phalg\AppData\Local\JetBrains\Toolbox\scripts;C:\Program Files (x86)\Atmel\Flip 3.4.7\bin;D:\VS code\Java\jdk-23\IntelliJ IDEA Community Edition 2024.2.3\bin;;C:\Users\phalg\AppData\Local\Microsoft\WindowsApps;C:\Users\phalg\AppData\Roaming\npm;D:\SDK-ADS\flutter_windows_3.44.6-stable\flutter\bin;C:\Users\phalg\AppData\Local\Programs\Swift\Toolchains\6.3.3+Asserts\usr\bin\;C:\Users\phalg\AppData\Local\Programs\Swift\Runtimes\6.3.3\usr\bin\;C:\Users\phalg\AppData\Local\Programs\Swift\Toolchains\6.3.3+Asserts\usr\bin;C:\Users\phalg\AppData\Local\Google\Cloud SDK\google-cloud-sdk\bin;D:\apache-maven-3.9.16-bin\apache-maven-3.9.16\bin;
USERNAME=phalg
OS=Windows_NT
PROCESSOR_IDENTIFIER=Intel64 Family 6 Model 154 Stepping 4, GenuineIntel
TMP=C:\Users\phalg\AppData\Local\Temp
TEMP=C:\Users\phalg\AppData\Local\Temp




Compilation memory statistics disabled.

Periodic native trim disabled

---------------  S Y S T E M  ---------------

OS:
 Windows 11 , 64 bit Build 26100 (10.0.26100.9168)
OS uptime: 0 days 3:02 hours
Hyper-V role detected

CPU: total 12 (initial active 12) (6 cores per cpu, 2 threads per core) family 6 model 154 stepping 4 microcode 0x42c, cx8, cmov, fxsr, ht, mmx, 3dnowpref, sse, sse2, sse3, ssse3, sse4.1, sse4.2, popcnt, lzcnt, tsc, tscinvbit, avx, avx2, aes, erms, clmul, bmi1, bmi2, adx, sha, fma, vzeroupper, clflush, clflushopt, clwb, hv, serialize, rdtscp, rdpid, fsrm, gfni, f16c, cet_ibt, cet_ss
Processor Information for processor 0
  Max Mhz: 1300, Current Mhz: 1300, Mhz Limit: 1300
Processor Information for processor 1
  Max Mhz: 1300, Current Mhz: 1300, Mhz Limit: 1300
Processor Information for processor 2
  Max Mhz: 1300, Current Mhz: 1300, Mhz Limit: 1300
Processor Information for processor 3
  Max Mhz: 1300, Current Mhz: 1300, Mhz Limit: 1300
Processor Information for processor 4
  Max Mhz: 1300, Current Mhz: 900, Mhz Limit: 897
Processor Information for processor 5
  Max Mhz: 1300, Current Mhz: 900, Mhz Limit: 897
Processor Information for processor 6
  Max Mhz: 1300, Current Mhz: 900, Mhz Limit: 897
Processor Information for processor 7
  Max Mhz: 1300, Current Mhz: 900, Mhz Limit: 897
Processor Information for processor 8
  Max Mhz: 1300, Current Mhz: 900, Mhz Limit: 897
Processor Information for processor 9
  Max Mhz: 1300, Current Mhz: 900, Mhz Limit: 897
Processor Information for processor 10
  Max Mhz: 1300, Current Mhz: 900, Mhz Limit: 897
Processor Information for processor 11
  Max Mhz: 1300, Current Mhz: 900, Mhz Limit: 897

Memory: 4k page, system-wide physical 16055M (4086M free)
TotalPageFile size 16055M (AvailPageFile size 227M)
current process WorkingSet (physical memory assigned to process): 14M, peak: 14M
current process commit charge ("private bytes"): 65M, peak: 317M

vm_info: OpenJDK 64-Bit Server VM (25.0.2+10-LTS) for windows-amd64 JRE (25.0.2+10-LTS), built on 2026-01-07T20:19:54Z with MS VC++ 17.14 (VS2022)

END.
