#
# There is insufficient memory for the Java Runtime Environment to continue.
# Native memory allocation (malloc) failed to allocate 7290008 bytes. Error detail: Chunk::new
# Possible reasons:
#   The system is out of physical RAM or swap space
#   This process is running with CompressedOops enabled, and the Java Heap may be blocking the growth of the native heap
# Possible solutions:
#   Reduce memory load on the system
#   Increase physical memory or swap space
#   Check if swap backing store is full
#   Decrease Java heap size (-Xmx/-Xms)
#   Decrease number of Java threads
#   Decrease Java thread stack sizes (-Xss)
#   Set larger code cache with -XX:ReservedCodeCacheSize=
#   JVM is running with Zero Based Compressed Oops mode in which the Java heap is
#     placed in the first 32GB address space. The Java Heap base address is the
#     maximum limit for the native heap growth. Please use -XX:HeapBaseMinAddress
#     to set the Java Heap base and to place the Java Heap above 32GB virtual address.
# This output file may be truncated or incomplete.
#
#  Out of Memory Error (arena.cpp:186), pid=24332, tid=17692
#
# JRE version: OpenJDK Runtime Environment Microsoft-13053607 (25.0.2+10) (build 25.0.2+10-LTS)
# Java VM: OpenJDK 64-Bit Server VM Microsoft-13053607 (25.0.2+10-LTS, mixed mode, sharing, tiered, compressed oops, compressed class ptrs, g1 gc, windows-amd64)
# No core dump will be written. Minidumps are not enabled by default on client versions of Windows
#

---------------  S U M M A R Y ------------

Command Line: --enable-native-access=ALL-UNNAMED -Dclassworlds.conf=C:\Users\phalg\.m2\wrapper\dists\apache-maven-3.9.16\0daed3be3ebd1c706f0e69e8b07c6b73f5cc4ea3dfce72a8d0ec2e849ca2ddb0\bin\m2.conf -Dmaven.home=C:\Users\phalg\.m2\wrapper\dists\apache-maven-3.9.16\0daed3be3ebd1c706f0e69e8b07c6b73f5cc4ea3dfce72a8d0ec2e849ca2ddb0 -Dlibrary.jansi.path=C:\Users\phalg\.m2\wrapper\dists\apache-maven-3.9.16\0daed3be3ebd1c706f0e69e8b07c6b73f5cc4ea3dfce72a8d0ec2e849ca2ddb0\lib\jansi-native -Dmaven.multiModuleProjectDirectory=d:\distributed-rate-limiter\distributed-rate-limiter org.codehaus.plexus.classworlds.launcher.Launcher dependency:tree -B

Host: 12th Gen Intel(R) Core(TM) i5-1235U, 12 cores, 15G,  Windows 11 , 64 bit Build 26100 (10.0.26100.9168)
Time: Mon Aug 24 23:58:03 2026 India Standard Time elapsed time: 7.401564 seconds (0d 0h 0m 7s)

---------------  T H R E A D  ---------------

Current thread (0x000002528218ef10):  JavaThread "C2 CompilerThread0" daemon [_thread_in_native, id=17692, stack(0x000000bb65c00000,0x000000bb65d00000) (1024K)]


Current CompileTask:
C2:7401 2868       4       jdk.internal.loader.URLClassPath::getResource (71 bytes)

Stack: [0x000000bb65c00000,0x000000bb65d00000]
Native frames: (J=compiled Java code, j=interpreted, Vv=VM code, C=native code)
V  [jvm.dll+0x7b0319]  (no source info available)
V  [jvm.dll+0x77da3d]  (no source info available)
V  [jvm.dll+0x9fe713]  (no source info available)
V  [jvm.dll+0xa00cec]  (no source info available)
V  [jvm.dll+0xa013e3]  (no source info available)
V  [jvm.dll+0x304986]  (no source info available)
V  [jvm.dll+0x114686]  (no source info available)
V  [jvm.dll+0x1149b6]  (no source info available)
V  [jvm.dll+0x1a7c94]  (no source info available)
V  [jvm.dll+0x3bdaf2]  (no source info available)
V  [jvm.dll+0x7b8eb8]  (no source info available)
V  [jvm.dll+0x2c7e87]  (no source info available)
V  [jvm.dll+0x2c6dfb]  (no source info available)
V  [jvm.dll+0x23f120]  (no source info available)
V  [jvm.dll+0x2d6d12]  (no source info available)
V  [jvm.dll+0x2d4f85]  (no source info available)
V  [jvm.dll+0x498ca5]  (no source info available)
V  [jvm.dll+0x99f65d]  (no source info available)
V  [jvm.dll+0x7b1d55]  (no source info available)
C  [ucrtbase.dll+0x2cd30]  (no source info available)
C  [KERNEL32.DLL+0x2ccb7]  (no source info available)
C  [ntdll.dll+0xaad6c]  (no source info available)

Lock stack of current Java thread (top to bottom):


---------------  P R O C E S S  ---------------

Threads class SMR info:
_java_thread_list=0x0000025287f0a250, length=12, elements={
0x00000252e01c26e0, 0x000002528217b550, 0x000002528217bfb0, 0x000002528217d6e0,
0x0000025282180fb0, 0x0000025282186060, 0x0000025282189650, 0x000002528218ef10,
0x00000252821908d0, 0x00000252823e81f0, 0x00000252823eda40, 0x00000252879659b0
}

Java Threads: ( => current thread )
  0x00000252e01c26e0 JavaThread "main"                              [_thread_in_native, id=22384, stack(0x000000bb64e00000,0x000000bb64f00000) (1024K)]
  0x000002528217b550 JavaThread "Reference Handler"          daemon [_thread_blocked, id=3092, stack(0x000000bb65600000,0x000000bb65700000) (1024K)]
  0x000002528217bfb0 JavaThread "Finalizer"                  daemon [_thread_blocked, id=21872, stack(0x000000bb65700000,0x000000bb65800000) (1024K)]
  0x000002528217d6e0 JavaThread "Signal Dispatcher"          daemon [_thread_blocked, id=2332, stack(0x000000bb65800000,0x000000bb65900000) (1024K)]
  0x0000025282180fb0 JavaThread "Attach Listener"            daemon [_thread_blocked, id=19044, stack(0x000000bb65900000,0x000000bb65a00000) (1024K)]
  0x0000025282186060 JavaThread "Service Thread"             daemon [_thread_blocked, id=19432, stack(0x000000bb65a00000,0x000000bb65b00000) (1024K)]
  0x0000025282189650 JavaThread "Monitor Deflation Thread"   daemon [_thread_blocked, id=18356, stack(0x000000bb65b00000,0x000000bb65c00000) (1024K)]
=>0x000002528218ef10 JavaThread "C2 CompilerThread0"         daemon [_thread_in_native, id=17692, stack(0x000000bb65c00000,0x000000bb65d00000) (1024K)]
  0x00000252821908d0 JavaThread "C1 CompilerThread0"         daemon [_thread_blocked, id=3116, stack(0x000000bb65d00000,0x000000bb65e00000) (1024K)]
  0x00000252823e81f0 JavaThread "Notification Thread"        daemon [_thread_blocked, id=19568, stack(0x000000bb65e00000,0x000000bb65f00000) (1024K)]
  0x00000252823eda40 JavaThread "Common-Cleaner"             daemon [_thread_blocked, id=3348, stack(0x000000bb65f00000,0x000000bb66000000) (1024K)]
  0x00000252879659b0 JavaThread "C2 CompilerThread1"         daemon [_thread_blocked, id=4448, stack(0x000000bb66000000,0x000000bb66100000) (1024K)]
Total: 12

Other Threads:
  0x0000025282168b80 VMThread "VM Thread"                           [id=20684, stack(0x000000bb65500000,0x000000bb65600000) (1024K)]
  0x0000025282159a70 WatcherThread "VM Periodic Task Thread"        [id=11588, stack(0x000000bb65400000,0x000000bb65500000) (1024K)]
  0x00000252e275b390 WorkerThread "GC Thread#0"                     [id=10020, stack(0x000000bb64f00000,0x000000bb65000000) (1024K)]
  0x0000025287d520c0 WorkerThread "GC Thread#1"                     [id=22064, stack(0x000000bb66100000,0x000000bb66200000) (1024K)]
  0x0000025287d52900 WorkerThread "GC Thread#2"                     [id=23796, stack(0x000000bb66200000,0x000000bb66300000) (1024K)]
  0x0000025287a662c0 WorkerThread "GC Thread#3"                     [id=24572, stack(0x000000bb66300000,0x000000bb66400000) (1024K)]
  0x0000025287a666f0 WorkerThread "GC Thread#4"                     [id=11888, stack(0x000000bb66400000,0x000000bb66500000) (1024K)]
  0x0000025287a66b20 WorkerThread "GC Thread#5"                     [id=22424, stack(0x000000bb66500000,0x000000bb66600000) (1024K)]
  0x00000252e2773ca0 ConcurrentGCThread "G1 Main Marker"            [id=19148, stack(0x000000bb65000000,0x000000bb65100000) (1024K)]
  0x00000252e2776eb0 WorkerThread "G1 Conc#0"                       [id=7616, stack(0x000000bb65100000,0x000000bb65200000) (1024K)]
  0x000002528201eb80 ConcurrentGCThread "G1 Refine#0"               [id=3884, stack(0x000000bb65200000,0x000000bb65300000) (1024K)]
  0x0000025282021e40 ConcurrentGCThread "G1 Service"                [id=12400, stack(0x000000bb65300000,0x000000bb65400000) (1024K)]
Total: 12

Threads with active compile tasks:
C2 CompilerThread0  7537 2868       4       jdk.internal.loader.URLClassPath::getResource (71 bytes)
Total: 1

VM state: not at safepoint (normal execution)

VM Mutex/Monitor currently owned by a thread: None

Heap address: 0x0000000705200000, size: 4014 MB, Compressed Oops mode: Zero based, Oop shift amount: 3

CDS archive(s) mapped at: [0x0000000036000000-0x0000000036dd0000-0x0000000036dd0000), size 14483456, SharedBaseAddress: 0x0000000036000000, ArchiveRelocationMode: 1.
Compressed class space mapped at: 0x0000000037000000-0x0000000077000000, reserved size: 1073741824
UseCompressedClassPointers 1, UseCompactObjectHeaders 0
Narrow klass pointer bits 32, Max shift 3
Narrow klass base: 0x0000000036000000, Narrow klass shift: 0
Encoding Range: [0x0000000036000000 - 0x0000000136000000), (4294967296 bytes)
Klass Range:    [0x0000000036010000 - 0x0000000077000000), (1090453504 bytes)
Klass ID Range:  [65536 - 1090519033) (1090453497)
Protection zone: [0x0000000036000000 - 0x0000000036010000), (65536 bytes)

GC Precious Log:
 CardTable entry size: 512
 Card Set container configuration: InlinePtr #cards 4 size 8 Array Of Cards #cards 16 size 48 Howl #buckets 8 coarsen threshold 3686 Howl Bitmap #cards 512 size 80 coarsen threshold 460 Card regions per heap region 1 cards per card region 4096
 CPUs: 12 total, 12 available
 Memory: 16055M
 Large Page Support: Disabled
 NUMA Support: Disabled
 Compressed Oops: Enabled (Zero based)
 Heap Region Size: 2M
 Heap Min Capacity: 8M
 Heap Initial Capacity: 252M
 Heap Max Capacity: 4014M
 Pre-touch: Disabled
 Parallel Workers: 10
 Concurrent Workers: 3
 Concurrent Refinement Workers: 10
 Periodic GC: Disabled
 G1 Time-Based Heap Sizing enabled (uncommit-only)
 Evaluation Interval: 60s, Uncommit Delay: 300s, Min Regions To Uncommit: 10

Heap:
 garbage-first heap   total reserved 4110336K, committed 260096K, used 33826K [0x0000000705200000, 0x0000000800000000)
  region size 2048K, 17 young (34816K), 2 survivors (4096K)

Heap Regions: E=young(eden), S=young(survivor), O=old, HS=humongous(starts), HC=humongous(continues), CS=collection set, F=free, TAMS=top-at-mark-start, PB=parsable bottom
|   0|0x0000000705200000, 0x0000000705200000, 0x0000000705400000|  0%| F|  |TAMS 0x0000000705200000| PB 0x0000000705200000| Untracked |  0
|   1|0x0000000705400000, 0x0000000705400000, 0x0000000705600000|  0%| F|  |TAMS 0x0000000705400000| PB 0x0000000705400000| Untracked |  0
|   2|0x0000000705600000, 0x0000000705600000, 0x0000000705800000|  0%| F|  |TAMS 0x0000000705600000| PB 0x0000000705600000| Untracked |  0
|   3|0x0000000705800000, 0x0000000705800000, 0x0000000705a00000|  0%| F|  |TAMS 0x0000000705800000| PB 0x0000000705800000| Untracked |  0
|   4|0x0000000705a00000, 0x0000000705a00000, 0x0000000705c00000|  0%| F|  |TAMS 0x0000000705a00000| PB 0x0000000705a00000| Untracked |  0
|   5|0x0000000705c00000, 0x0000000705c00000, 0x0000000705e00000|  0%| F|  |TAMS 0x0000000705c00000| PB 0x0000000705c00000| Untracked |  0
|   6|0x0000000705e00000, 0x0000000705e00000, 0x0000000706000000|  0%| F|  |TAMS 0x0000000705e00000| PB 0x0000000705e00000| Untracked |  0
|   7|0x0000000706000000, 0x0000000706000000, 0x0000000706200000|  0%| F|  |TAMS 0x0000000706000000| PB 0x0000000706000000| Untracked |  0
|   8|0x0000000706200000, 0x0000000706200000, 0x0000000706400000|  0%| F|  |TAMS 0x0000000706200000| PB 0x0000000706200000| Untracked |  0
|   9|0x0000000706400000, 0x0000000706400000, 0x0000000706600000|  0%| F|  |TAMS 0x0000000706400000| PB 0x0000000706400000| Untracked |  0
|  10|0x0000000706600000, 0x0000000706600000, 0x0000000706800000|  0%| F|  |TAMS 0x0000000706600000| PB 0x0000000706600000| Untracked |  0
|  11|0x0000000706800000, 0x0000000706800000, 0x0000000706a00000|  0%| F|  |TAMS 0x0000000706800000| PB 0x0000000706800000| Untracked |  0
|  12|0x0000000706a00000, 0x0000000706a00000, 0x0000000706c00000|  0%| F|  |TAMS 0x0000000706a00000| PB 0x0000000706a00000| Untracked |  0
|  13|0x0000000706c00000, 0x0000000706c00000, 0x0000000706e00000|  0%| F|  |TAMS 0x0000000706c00000| PB 0x0000000706c00000| Untracked |  0
|  14|0x0000000706e00000, 0x0000000706e00000, 0x0000000707000000|  0%| F|  |TAMS 0x0000000706e00000| PB 0x0000000706e00000| Untracked |  0
|  15|0x0000000707000000, 0x0000000707000000, 0x0000000707200000|  0%| F|  |TAMS 0x0000000707000000| PB 0x0000000707000000| Untracked |  0
|  16|0x0000000707200000, 0x0000000707200000, 0x0000000707400000|  0%| F|  |TAMS 0x0000000707200000| PB 0x0000000707200000| Untracked |  0
|  17|0x0000000707400000, 0x0000000707400000, 0x0000000707600000|  0%| F|  |TAMS 0x0000000707400000| PB 0x0000000707400000| Untracked |  0
|  18|0x0000000707600000, 0x0000000707600000, 0x0000000707800000|  0%| F|  |TAMS 0x0000000707600000| PB 0x0000000707600000| Untracked |  0
|  19|0x0000000707800000, 0x0000000707800000, 0x0000000707a00000|  0%| F|  |TAMS 0x0000000707800000| PB 0x0000000707800000| Untracked |  0
|  20|0x0000000707a00000, 0x0000000707a00000, 0x0000000707c00000|  0%| F|  |TAMS 0x0000000707a00000| PB 0x0000000707a00000| Untracked |  0
|  21|0x0000000707c00000, 0x0000000707c00000, 0x0000000707e00000|  0%| F|  |TAMS 0x0000000707c00000| PB 0x0000000707c00000| Untracked |  0
|  22|0x0000000707e00000, 0x0000000707e00000, 0x0000000708000000|  0%| F|  |TAMS 0x0000000707e00000| PB 0x0000000707e00000| Untracked |  0
|  23|0x0000000708000000, 0x0000000708000000, 0x0000000708200000|  0%| F|  |TAMS 0x0000000708000000| PB 0x0000000708000000| Untracked |  0
|  24|0x0000000708200000, 0x0000000708200000, 0x0000000708400000|  0%| F|  |TAMS 0x0000000708200000| PB 0x0000000708200000| Untracked |  0
|  25|0x0000000708400000, 0x0000000708400000, 0x0000000708600000|  0%| F|  |TAMS 0x0000000708400000| PB 0x0000000708400000| Untracked |  0
|  26|0x0000000708600000, 0x0000000708600000, 0x0000000708800000|  0%| F|  |TAMS 0x0000000708600000| PB 0x0000000708600000| Untracked |  0
|  27|0x0000000708800000, 0x0000000708800000, 0x0000000708a00000|  0%| F|  |TAMS 0x0000000708800000| PB 0x0000000708800000| Untracked |  0
|  28|0x0000000708a00000, 0x0000000708a00000, 0x0000000708c00000|  0%| F|  |TAMS 0x0000000708a00000| PB 0x0000000708a00000| Untracked |  0
|  29|0x0000000708c00000, 0x0000000708c00000, 0x0000000708e00000|  0%| F|  |TAMS 0x0000000708c00000| PB 0x0000000708c00000| Untracked |  0
|  30|0x0000000708e00000, 0x0000000708e00000, 0x0000000709000000|  0%| F|  |TAMS 0x0000000708e00000| PB 0x0000000708e00000| Untracked |  0
|  31|0x0000000709000000, 0x0000000709000000, 0x0000000709200000|  0%| F|  |TAMS 0x0000000709000000| PB 0x0000000709000000| Untracked |  0
|  32|0x0000000709200000, 0x0000000709200000, 0x0000000709400000|  0%| F|  |TAMS 0x0000000709200000| PB 0x0000000709200000| Untracked |  0
|  33|0x0000000709400000, 0x0000000709400000, 0x0000000709600000|  0%| F|  |TAMS 0x0000000709400000| PB 0x0000000709400000| Untracked |  0
|  34|0x0000000709600000, 0x0000000709600000, 0x0000000709800000|  0%| F|  |TAMS 0x0000000709600000| PB 0x0000000709600000| Untracked |  0
|  35|0x0000000709800000, 0x0000000709800000, 0x0000000709a00000|  0%| F|  |TAMS 0x0000000709800000| PB 0x0000000709800000| Untracked |  0
|  36|0x0000000709a00000, 0x0000000709a00000, 0x0000000709c00000|  0%| F|  |TAMS 0x0000000709a00000| PB 0x0000000709a00000| Untracked |  0
|  37|0x0000000709c00000, 0x0000000709c00000, 0x0000000709e00000|  0%| F|  |TAMS 0x0000000709c00000| PB 0x0000000709c00000| Untracked |  0
|  38|0x0000000709e00000, 0x0000000709e00000, 0x000000070a000000|  0%| F|  |TAMS 0x0000000709e00000| PB 0x0000000709e00000| Untracked |  0
|  39|0x000000070a000000, 0x000000070a000000, 0x000000070a200000|  0%| F|  |TAMS 0x000000070a000000| PB 0x000000070a000000| Untracked |  0
|  40|0x000000070a200000, 0x000000070a200000, 0x000000070a400000|  0%| F|  |TAMS 0x000000070a200000| PB 0x000000070a200000| Untracked |  0
|  41|0x000000070a400000, 0x000000070a400000, 0x000000070a600000|  0%| F|  |TAMS 0x000000070a400000| PB 0x000000070a400000| Untracked |  0
|  42|0x000000070a600000, 0x000000070a600000, 0x000000070a800000|  0%| F|  |TAMS 0x000000070a600000| PB 0x000000070a600000| Untracked |  0
|  43|0x000000070a800000, 0x000000070a800000, 0x000000070aa00000|  0%| F|  |TAMS 0x000000070a800000| PB 0x000000070a800000| Untracked |  0
|  44|0x000000070aa00000, 0x000000070aa00000, 0x000000070ac00000|  0%| F|  |TAMS 0x000000070aa00000| PB 0x000000070aa00000| Untracked |  0
|  45|0x000000070ac00000, 0x000000070ac00000, 0x000000070ae00000|  0%| F|  |TAMS 0x000000070ac00000| PB 0x000000070ac00000| Untracked |  0
|  46|0x000000070ae00000, 0x000000070ae00000, 0x000000070b000000|  0%| F|  |TAMS 0x000000070ae00000| PB 0x000000070ae00000| Untracked |  0
|  47|0x000000070b000000, 0x000000070b000000, 0x000000070b200000|  0%| F|  |TAMS 0x000000070b000000| PB 0x000000070b000000| Untracked |  0
|  48|0x000000070b200000, 0x000000070b200000, 0x000000070b400000|  0%| F|  |TAMS 0x000000070b200000| PB 0x000000070b200000| Untracked |  0
|  49|0x000000070b400000, 0x000000070b400000, 0x000000070b600000|  0%| F|  |TAMS 0x000000070b400000| PB 0x000000070b400000| Untracked |  0
|  50|0x000000070b600000, 0x000000070b600000, 0x000000070b800000|  0%| F|  |TAMS 0x000000070b600000| PB 0x000000070b600000| Untracked |  0
|  51|0x000000070b800000, 0x000000070b800000, 0x000000070ba00000|  0%| F|  |TAMS 0x000000070b800000| PB 0x000000070b800000| Untracked |  0
|  52|0x000000070ba00000, 0x000000070ba00000, 0x000000070bc00000|  0%| F|  |TAMS 0x000000070ba00000| PB 0x000000070ba00000| Untracked |  0
|  53|0x000000070bc00000, 0x000000070bc00000, 0x000000070be00000|  0%| F|  |TAMS 0x000000070bc00000| PB 0x000000070bc00000| Untracked |  0
|  54|0x000000070be00000, 0x000000070be00000, 0x000000070c000000|  0%| F|  |TAMS 0x000000070be00000| PB 0x000000070be00000| Untracked |  0
|  55|0x000000070c000000, 0x000000070c000000, 0x000000070c200000|  0%| F|  |TAMS 0x000000070c000000| PB 0x000000070c000000| Untracked |  0
|  56|0x000000070c200000, 0x000000070c200000, 0x000000070c400000|  0%| F|  |TAMS 0x000000070c200000| PB 0x000000070c200000| Untracked |  0
|  57|0x000000070c400000, 0x000000070c400000, 0x000000070c600000|  0%| F|  |TAMS 0x000000070c400000| PB 0x000000070c400000| Untracked |  0
|  58|0x000000070c600000, 0x000000070c600000, 0x000000070c800000|  0%| F|  |TAMS 0x000000070c600000| PB 0x000000070c600000| Untracked |  0
|  59|0x000000070c800000, 0x000000070c800000, 0x000000070ca00000|  0%| F|  |TAMS 0x000000070c800000| PB 0x000000070c800000| Untracked |  0
|  60|0x000000070ca00000, 0x000000070ca00000, 0x000000070cc00000|  0%| F|  |TAMS 0x000000070ca00000| PB 0x000000070ca00000| Untracked |  0
|  61|0x000000070cc00000, 0x000000070cc00000, 0x000000070ce00000|  0%| F|  |TAMS 0x000000070cc00000| PB 0x000000070cc00000| Untracked |  0
|  62|0x000000070ce00000, 0x000000070ce00000, 0x000000070d000000|  0%| F|  |TAMS 0x000000070ce00000| PB 0x000000070ce00000| Untracked |  0
|  63|0x000000070d000000, 0x000000070d000000, 0x000000070d200000|  0%| F|  |TAMS 0x000000070d000000| PB 0x000000070d000000| Untracked |  0
|  64|0x000000070d200000, 0x000000070d200000, 0x000000070d400000|  0%| F|  |TAMS 0x000000070d200000| PB 0x000000070d200000| Untracked |  0
|  65|0x000000070d400000, 0x000000070d400000, 0x000000070d600000|  0%| F|  |TAMS 0x000000070d400000| PB 0x000000070d400000| Untracked |  0
|  66|0x000000070d600000, 0x000000070d600000, 0x000000070d800000|  0%| F|  |TAMS 0x000000070d600000| PB 0x000000070d600000| Untracked |  0
|  67|0x000000070d800000, 0x000000070d800000, 0x000000070da00000|  0%| F|  |TAMS 0x000000070d800000| PB 0x000000070d800000| Untracked |  0
|  68|0x000000070da00000, 0x000000070da00000, 0x000000070dc00000|  0%| F|  |TAMS 0x000000070da00000| PB 0x000000070da00000| Untracked |  0
|  69|0x000000070dc00000, 0x000000070dc00000, 0x000000070de00000|  0%| F|  |TAMS 0x000000070dc00000| PB 0x000000070dc00000| Untracked |  0
|  70|0x000000070de00000, 0x000000070de00000, 0x000000070e000000|  0%| F|  |TAMS 0x000000070de00000| PB 0x000000070de00000| Untracked |  0
|  71|0x000000070e000000, 0x000000070e000000, 0x000000070e200000|  0%| F|  |TAMS 0x000000070e000000| PB 0x000000070e000000| Untracked |  0
|  72|0x000000070e200000, 0x000000070e200000, 0x000000070e400000|  0%| F|  |TAMS 0x000000070e200000| PB 0x000000070e200000| Untracked |  0
|  73|0x000000070e400000, 0x000000070e400000, 0x000000070e600000|  0%| F|  |TAMS 0x000000070e400000| PB 0x000000070e400000| Untracked |  0
|  74|0x000000070e600000, 0x000000070e600000, 0x000000070e800000|  0%| F|  |TAMS 0x000000070e600000| PB 0x000000070e600000| Untracked |  0
|  75|0x000000070e800000, 0x000000070e800000, 0x000000070ea00000|  0%| F|  |TAMS 0x000000070e800000| PB 0x000000070e800000| Untracked |  0
|  76|0x000000070ea00000, 0x000000070ea00000, 0x000000070ec00000|  0%| F|  |TAMS 0x000000070ea00000| PB 0x000000070ea00000| Untracked |  0
|  77|0x000000070ec00000, 0x000000070ec00000, 0x000000070ee00000|  0%| F|  |TAMS 0x000000070ec00000| PB 0x000000070ec00000| Untracked |  0
|  78|0x000000070ee00000, 0x000000070ee00000, 0x000000070f000000|  0%| F|  |TAMS 0x000000070ee00000| PB 0x000000070ee00000| Untracked |  0
|  79|0x000000070f000000, 0x000000070f000000, 0x000000070f200000|  0%| F|  |TAMS 0x000000070f000000| PB 0x000000070f000000| Untracked |  0
|  80|0x000000070f200000, 0x000000070f200000, 0x000000070f400000|  0%| F|  |TAMS 0x000000070f200000| PB 0x000000070f200000| Untracked |  0
|  81|0x000000070f400000, 0x000000070f400000, 0x000000070f600000|  0%| F|  |TAMS 0x000000070f400000| PB 0x000000070f400000| Untracked |  0
|  82|0x000000070f600000, 0x000000070f600000, 0x000000070f800000|  0%| F|  |TAMS 0x000000070f600000| PB 0x000000070f600000| Untracked |  0
|  83|0x000000070f800000, 0x000000070f800000, 0x000000070fa00000|  0%| F|  |TAMS 0x000000070f800000| PB 0x000000070f800000| Untracked |  0
|  84|0x000000070fa00000, 0x000000070fa00000, 0x000000070fc00000|  0%| F|  |TAMS 0x000000070fa00000| PB 0x000000070fa00000| Untracked |  0
|  85|0x000000070fc00000, 0x000000070fc00000, 0x000000070fe00000|  0%| F|  |TAMS 0x000000070fc00000| PB 0x000000070fc00000| Untracked |  0
|  86|0x000000070fe00000, 0x000000070fe00000, 0x0000000710000000|  0%| F|  |TAMS 0x000000070fe00000| PB 0x000000070fe00000| Untracked |  0
|  87|0x0000000710000000, 0x0000000710000000, 0x0000000710200000|  0%| F|  |TAMS 0x0000000710000000| PB 0x0000000710000000| Untracked |  0
|  88|0x0000000710200000, 0x0000000710200000, 0x0000000710400000|  0%| F|  |TAMS 0x0000000710200000| PB 0x0000000710200000| Untracked |  0
|  89|0x0000000710400000, 0x0000000710400000, 0x0000000710600000|  0%| F|  |TAMS 0x0000000710400000| PB 0x0000000710400000| Untracked |  0
|  90|0x0000000710600000, 0x0000000710600000, 0x0000000710800000|  0%| F|  |TAMS 0x0000000710600000| PB 0x0000000710600000| Untracked |  0
|  91|0x0000000710800000, 0x0000000710800000, 0x0000000710a00000|  0%| F|  |TAMS 0x0000000710800000| PB 0x0000000710800000| Untracked |  0
|  92|0x0000000710a00000, 0x0000000710a00000, 0x0000000710c00000|  0%| F|  |TAMS 0x0000000710a00000| PB 0x0000000710a00000| Untracked |  0
|  93|0x0000000710c00000, 0x0000000710c00000, 0x0000000710e00000|  0%| F|  |TAMS 0x0000000710c00000| PB 0x0000000710c00000| Untracked |  0
|  94|0x0000000710e00000, 0x0000000710e00000, 0x0000000711000000|  0%| F|  |TAMS 0x0000000710e00000| PB 0x0000000710e00000| Untracked |  0
|  95|0x0000000711000000, 0x0000000711000000, 0x0000000711200000|  0%| F|  |TAMS 0x0000000711000000| PB 0x0000000711000000| Untracked |  0
|  96|0x0000000711200000, 0x0000000711200000, 0x0000000711400000|  0%| F|  |TAMS 0x0000000711200000| PB 0x0000000711200000| Untracked |  0
|  97|0x0000000711400000, 0x0000000711400000, 0x0000000711600000|  0%| F|  |TAMS 0x0000000711400000| PB 0x0000000711400000| Untracked |  0
|  98|0x0000000711600000, 0x0000000711600000, 0x0000000711800000|  0%| F|  |TAMS 0x0000000711600000| PB 0x0000000711600000| Untracked |  0
|  99|0x0000000711800000, 0x0000000711800000, 0x0000000711a00000|  0%| F|  |TAMS 0x0000000711800000| PB 0x0000000711800000| Untracked |  0
| 100|0x0000000711a00000, 0x0000000711be4080, 0x0000000711c00000| 94%| S|CS|TAMS 0x0000000711a00000| PB 0x0000000711a00000| Complete |  0
| 101|0x0000000711c00000, 0x0000000711e00000, 0x0000000711e00000|100%| S|CS|TAMS 0x0000000711c00000| PB 0x0000000711c00000| Complete |  0
| 102|0x0000000711e00000, 0x0000000711e00000, 0x0000000712000000|  0%| F|  |TAMS 0x0000000711e00000| PB 0x0000000711e00000| Untracked |  0
| 103|0x0000000712000000, 0x0000000712000000, 0x0000000712200000|  0%| F|  |TAMS 0x0000000712000000| PB 0x0000000712000000| Untracked |  0
| 104|0x0000000712200000, 0x0000000712200000, 0x0000000712400000|  0%| F|  |TAMS 0x0000000712200000| PB 0x0000000712200000| Untracked |  0
| 105|0x0000000712400000, 0x0000000712400000, 0x0000000712600000|  0%| F|  |TAMS 0x0000000712400000| PB 0x0000000712400000| Untracked |  0
| 106|0x0000000712600000, 0x0000000712600000, 0x0000000712800000|  0%| F|  |TAMS 0x0000000712600000| PB 0x0000000712600000| Untracked |  0
| 107|0x0000000712800000, 0x0000000712800000, 0x0000000712a00000|  0%| F|  |TAMS 0x0000000712800000| PB 0x0000000712800000| Untracked |  0
| 108|0x0000000712a00000, 0x0000000712a00000, 0x0000000712c00000|  0%| F|  |TAMS 0x0000000712a00000| PB 0x0000000712a00000| Untracked |  0
| 109|0x0000000712c00000, 0x0000000712c00000, 0x0000000712e00000|  0%| F|  |TAMS 0x0000000712c00000| PB 0x0000000712c00000| Untracked |  0
| 110|0x0000000712e00000, 0x0000000712e00000, 0x0000000713000000|  0%| F|  |TAMS 0x0000000712e00000| PB 0x0000000712e00000| Untracked |  0
| 111|0x0000000713000000, 0x00000007131b4bc0, 0x0000000713200000| 85%| E|  |TAMS 0x0000000713000000| PB 0x0000000713000000| Complete |  0
| 112|0x0000000713200000, 0x0000000713400000, 0x0000000713400000|100%| E|CS|TAMS 0x0000000713200000| PB 0x0000000713200000| Complete |  0
| 113|0x0000000713400000, 0x0000000713600000, 0x0000000713600000|100%| E|CS|TAMS 0x0000000713400000| PB 0x0000000713400000| Complete |  0
| 114|0x0000000713600000, 0x0000000713800000, 0x0000000713800000|100%| E|CS|TAMS 0x0000000713600000| PB 0x0000000713600000| Complete |  0
| 115|0x0000000713800000, 0x0000000713a00000, 0x0000000713a00000|100%| E|CS|TAMS 0x0000000713800000| PB 0x0000000713800000| Complete |  0
| 116|0x0000000713a00000, 0x0000000713c00000, 0x0000000713c00000|100%| E|CS|TAMS 0x0000000713a00000| PB 0x0000000713a00000| Complete |  0
| 117|0x0000000713c00000, 0x0000000713e00000, 0x0000000713e00000|100%| E|CS|TAMS 0x0000000713c00000| PB 0x0000000713c00000| Complete |  0
| 118|0x0000000713e00000, 0x0000000714000000, 0x0000000714000000|100%| E|CS|TAMS 0x0000000713e00000| PB 0x0000000713e00000| Complete |  0
| 119|0x0000000714000000, 0x0000000714200000, 0x0000000714200000|100%| E|CS|TAMS 0x0000000714000000| PB 0x0000000714000000| Complete |  0
| 120|0x0000000714200000, 0x0000000714400000, 0x0000000714400000|100%| E|CS|TAMS 0x0000000714200000| PB 0x0000000714200000| Complete |  0
| 121|0x0000000714400000, 0x0000000714600000, 0x0000000714600000|100%| E|CS|TAMS 0x0000000714400000| PB 0x0000000714400000| Complete |  0
| 122|0x0000000714600000, 0x0000000714800000, 0x0000000714800000|100%| E|CS|TAMS 0x0000000714600000| PB 0x0000000714600000| Complete |  0
| 123|0x0000000714800000, 0x0000000714a00000, 0x0000000714a00000|100%| E|CS|TAMS 0x0000000714800000| PB 0x0000000714800000| Complete |  0
| 124|0x0000000714a00000, 0x0000000714c00000, 0x0000000714c00000|100%| E|CS|TAMS 0x0000000714a00000| PB 0x0000000714a00000| Complete |  0
| 125|0x0000000714c00000, 0x0000000714e00000, 0x0000000714e00000|100%| E|CS|TAMS 0x0000000714c00000| PB 0x0000000714c00000| Complete |  0
|2006|0x00000007ffe00000, 0x00000007fff24ab8, 0x0000000800000000| 57%| O|  |TAMS 0x00000007ffe00000| PB 0x00000007ffe00000| Untracked |  0

Card table byte_map: [0x00000252faf10000,0x00000252fb6f0000] _byte_map_base: 0x00000252f76e7000

Marking Bits: (CMBitMap*) 0x00000252e275bb20
 Bits: [0x00000252fb6f0000, 0x00000252ff5a8000)

Polling page: 0x00000252e0500000

Metaspace:
Metaspace        used 13631K, committed 13888K, reserved 1114112K
 class space     used 1722K, committed 1856K, reserved 1048576K

Usage:
  Non-class:     11.63 MB used.
      Class:      1.68 MB used.
       Both:     13.31 MB used.

Virtual space:
  Non-class space:       64.00 MB reserved,      11.75 MB ( 18%) committed,  1 nodes.
      Class space:        1.00 GB reserved,       1.81 MB ( <1%) committed,  1 nodes.
             Both:        1.06 GB reserved,      13.56 MB (  1%) committed. 

Chunk freelists:
   Non-Class:  3.31 MB
       Class:  14.03 MB
        Both:  17.34 MB

MaxMetaspaceSize: unlimited
CompressedClassSpaceSize: 1.00 GB
Initial GC threshold: 21.00 MB
Current GC threshold: 21.00 MB
CDS: on
 - commit_granule_bytes: 65536.
 - commit_granule_words: 8192.
 - virtual_space_node_default_size: 8388608.
 - enlarge_chunks_in_place: 1.
UseCompressedClassPointers 1, UseCompactObjectHeaders 0
Narrow klass pointer bits 32, Max shift 3
Narrow klass base: 0x0000000036000000, Narrow klass shift: 0
Encoding Range: [0x0000000036000000 - 0x0000000136000000), (4294967296 bytes)
Klass Range:    [0x0000000036010000 - 0x0000000077000000), (1090453504 bytes)
Klass ID Range:  [65536 - 1090519033) (1090453497)
Protection zone: [0x0000000036000000 - 0x0000000036010000), (65536 bytes)


Internal statistics:

num_allocs_failed_limit: 0.
num_arena_births: 84.
num_arena_deaths: 0.
num_vsnodes_births: 2.
num_vsnodes_deaths: 0.
num_space_committed: 217.
num_space_uncommitted: 0.
num_chunks_returned_to_freelist: 0.
num_chunks_taken_from_freelist: 554.
num_chunk_merges: 0.
num_chunk_splits: 380.
num_chunks_enlarged: 315.
num_inconsistent_stats: 0.

CodeHeap 'non-profiled nmethods': size=120064Kb used=907Kb max_used=907Kb free=119156Kb
 bounds [0x00000252f2ca0000, 0x00000252f2f10000, 0x00000252fa1e0000]
CodeHeap 'profiled nmethods': size=120000Kb used=4555Kb max_used=4555Kb free=115444Kb
 bounds [0x00000252eb1e0000, 0x00000252eb660000, 0x00000252f2710000]
CodeHeap 'non-nmethods': size=5696Kb used=1384Kb max_used=1416Kb free=4311Kb
 bounds [0x00000252f2710000, 0x00000252f2980000, 0x00000252f2ca0000]
CodeCache: size=245760Kb, used=6846Kb, max_used=6878Kb, free=238911Kb
 total_blobs=3432, nmethods=2923, adapters=410, full_count=0
Compilation: enabled, stopped_count=0, restarted_count=0

Compilation events (20 events):
Event: 4.159 Thread 0x00000252821908d0 2873       3       java.lang.StringLatin1::canEncode (13 bytes)
Event: 4.159 Thread 0x00000252821908d0 nmethod 2873 0x00000252eb62bf08 code [0x00000252eb62c000, 0x00000252eb62c138]
Event: 4.163 Thread 0x00000252821908d0 2874       3       java.lang.String::codePointAt (50 bytes)
Event: 4.164 Thread 0x00000252821908d0 nmethod 2874 0x00000252eb62c208 code [0x00000252eb62c300, 0x00000252eb62c7c8]
Event: 4.167 Thread 0x00000252821908d0 2875       3       java.util.ArrayList::indexOfRange (71 bytes)
Event: 4.168 Thread 0x00000252821908d0 nmethod 2875 0x00000252eb62c808 code [0x00000252eb62c900, 0x00000252eb62cd70]
Event: 4.175 Thread 0x00000252821908d0 2876       3       org.eclipse.sisu.space.NamedClass::load (14 bytes)
Event: 4.175 Thread 0x00000252821908d0 nmethod 2876 0x00000252eb62cd88 code [0x00000252eb62ce80, 0x00000252eb62d090]
Event: 4.175 Thread 0x00000252821908d0 2877       3       org.eclipse.sisu.inject.InjectorBindings::publishWildcardMatches (82 bytes)
Event: 4.176 Thread 0x00000252821908d0 nmethod 2877 0x00000252eb62d108 code [0x00000252eb62d200, 0x00000252eb62db90]
Event: 4.190 Thread 0x00000252821908d0 2879       3       java.io.WinNTFileSystem::resolve (349 bytes)
Event: 4.195 Thread 0x00000252821908d0 nmethod 2879 0x00000252eb62dc08 code [0x00000252eb62dd00, 0x00000252eb631590]
Event: 4.235 Thread 0x00000252821908d0 2881       3       java.lang.classfile.ClassBuilder::withMethodBody (15 bytes)
Event: 4.235 Thread 0x00000252821908d0 nmethod 2881 0x00000252eb631608 code [0x00000252eb631700, 0x00000252eb631b38]
Event: 4.235 Thread 0x00000252821908d0 2882       3       jdk.internal.classfile.impl.Util::buildingCode (9 bytes)
Event: 4.235 Thread 0x00000252821908d0 nmethod 2882 0x00000252eb631b88 code [0x00000252eb631c80, 0x00000252eb631f40]
Event: 4.238 Thread 0x00000252821908d0 2885       3       java.lang.invoke.AbstractValidatingLambdaMetafactory::isAdaptableTo (126 bytes)
Event: 4.239 Thread 0x00000252821908d0 nmethod 2885 0x00000252eb631f88 code [0x00000252eb632080, 0x00000252eb632e40]
Event: 4.239 Thread 0x00000252821908d0 2886       3       jdk.internal.classfile.impl.StackMapGenerator::processInvokeInstructions (262 bytes)
Event: 4.243 Thread 0x00000252821908d0 nmethod 2886 0x00000252eb632e88 code [0x00000252eb632f80, 0x00000252eb6365d8]

GC Heap Usage History (2 events):
Event: 2.497 {heap Before GC invocations=0 (full 0):
 garbage-first heap   total reserved 4110336K, committed 260096K, used 50322K [0x0000000705200000, 0x0000000800000000)
  region size 2048K, 24 young (49152K), 0 survivors (0K)
}
Event: 2.502 {heap After GC invocations=1 (full 0):
 garbage-first heap   total reserved 4110336K, committed 260096K, used 5154K [0x0000000705200000, 0x0000000800000000)
  region size 2048K, 2 young (4096K), 2 survivors (4096K)
}

Metaspace Usage History (2 events):
Event: 2.497 {metaspace Before GC invocations=0 (full 0):
 Metaspace       used 8087K, committed 8320K, reserved 1114112K
  class space    used 985K, committed 1088K, reserved 1048576K
}
Event: 2.502 {metaspace After GC invocations=1 (full 0):
 Metaspace       used 8087K, committed 8320K, reserved 1114112K
  class space    used 985K, committed 1088K, reserved 1048576K
}

Dll operation events (7 events):
Event: 0.022 Loaded shared library C:\Users\phalg\.jdk\jdk-25\jdk-25.0.2\bin\java.dll
Event: 0.093 Loaded shared library C:\Users\phalg\.jdk\jdk-25\jdk-25.0.2\bin\net.dll
Event: 0.098 Loaded shared library C:\Users\phalg\.jdk\jdk-25\jdk-25.0.2\bin\nio.dll
Event: 0.104 Loaded shared library C:\Users\phalg\.jdk\jdk-25\jdk-25.0.2\bin\zip.dll
Event: 0.462 Loaded shared library C:\Users\phalg\.m2\wrapper\dists\apache-maven-3.9.16\0daed3be3ebd1c706f0e69e8b07c6b73f5cc4ea3dfce72a8d0ec2e849ca2ddb0\lib\jansi-native\Windows\x86_64\jansi.dll
Event: 0.468 Loaded shared library C:\Users\phalg\.jdk\jdk-25\jdk-25.0.2\bin\jimage.dll
Event: 0.487 Loaded shared library C:\Users\phalg\.jdk\jdk-25\jdk-25.0.2\bin\verify.dll

Deoptimization events (20 events):
Event: 4.123 Thread 0x00000252e01c26e0 Uncommon trap: trap_request=0xffffff45 fr.pc=0x00000252f2d00bd4 relative=0x00000000000007d4
Event: 4.123 Thread 0x00000252e01c26e0 Uncommon trap: reason=unstable_if action=reinterpret pc=0x00000252f2d00bd4 method=sun.nio.cs.StreamDecoder.implRead([CII)I @ 36 c2
Event: 4.123 Thread 0x00000252e01c26e0 DEOPT PACKING pc=0x00000252f2d00bd4 sp=0x000000bb64efe600
Event: 4.123 Thread 0x00000252e01c26e0 DEOPT UNPACKING pc=0x00000252f2830402 sp=0x000000bb64efe5a0 mode 2
Event: 4.124 Thread 0x00000252e01c26e0 Uncommon trap: trap_request=0x00000259 fr.pc=0x00000252f2cf96d4 relative=0x00000000000000d4
Event: 4.124 Thread 0x00000252e01c26e0 Uncommon trap: reason=unloaded action=reinterpret pc=0x00000252f2cf96d4 method=org.codehaus.plexus.util.xml.pull.MXParser.more()C @ 22 c2
Event: 4.124 Thread 0x00000252e01c26e0 DEOPT PACKING pc=0x00000252f2cf96d4 sp=0x000000bb64efe960
Event: 4.124 Thread 0x00000252e01c26e0 DEOPT UNPACKING pc=0x00000252f2830402 sp=0x000000bb64efe900 mode 2
Event: 4.167 Thread 0x00000252e01c26e0 Uncommon trap: trap_request=0xffffff45 fr.pc=0x00000252f2d3d438 relative=0x0000000000000b38
Event: 4.167 Thread 0x00000252e01c26e0 Uncommon trap: reason=unstable_if action=reinterpret pc=0x00000252f2d3d438 method=java.io.WinNTFileSystem.resolve(Ljava/lang/String;Ljava/lang/String;)Ljava/lang/String; @ 42 c2
Event: 4.167 Thread 0x00000252e01c26e0 DEOPT PACKING pc=0x00000252f2d3d438 sp=0x000000bb64efed70
Event: 4.167 Thread 0x00000252e01c26e0 DEOPT UNPACKING pc=0x00000252f2830402 sp=0x000000bb64efed00 mode 2
Event: 4.178 Thread 0x00000252e01c26e0 Uncommon trap: trap_request=0xffffffbe fr.pc=0x00000252f2d7c4dc relative=0x000000000000035c
Event: 4.178 Thread 0x00000252e01c26e0 Uncommon trap: reason=profile_predicate action=maybe_recompile pc=0x00000252f2d7c4dc method=com.google.inject.internal.aop.ImmutableStringTrie.nextPivotColumn([Ljava/lang/String;III)I @ 21 c2
Event: 4.178 Thread 0x00000252e01c26e0 DEOPT PACKING pc=0x00000252f2d7c4dc sp=0x000000bb64efcd40
Event: 4.178 Thread 0x00000252e01c26e0 DEOPT UNPACKING pc=0x00000252f2830402 sp=0x000000bb64efccd0 mode 2
Event: 4.178 Thread 0x00000252e01c26e0 Uncommon trap: trap_request=0xffffffbe fr.pc=0x00000252f2d7c4dc relative=0x000000000000035c
Event: 4.178 Thread 0x00000252e01c26e0 Uncommon trap: reason=profile_predicate action=maybe_recompile pc=0x00000252f2d7c4dc method=com.google.inject.internal.aop.ImmutableStringTrie.nextPivotColumn([Ljava/lang/String;III)I @ 21 c2
Event: 4.178 Thread 0x00000252e01c26e0 DEOPT PACKING pc=0x00000252f2d7c4dc sp=0x000000bb64efcd40
Event: 4.178 Thread 0x00000252e01c26e0 DEOPT UNPACKING pc=0x00000252f2830402 sp=0x000000bb64efccd0 mode 2

Classes loaded (20 events):
Event: 4.085 Loading class java/security/SecureRandomSpi done
Event: 4.085 Loading class sun/security/provider/DRBG done
Event: 4.086 Loading class java/security/DrbgParameters$Capability
Event: 4.086 Loading class java/security/DrbgParameters$Capability done
Event: 4.086 Loading class sun/security/provider/MoreDrbgParameters
Event: 4.086 Loading class sun/security/provider/MoreDrbgParameters done
Event: 4.086 Loading class java/security/DrbgParameters
Event: 4.087 Loading class java/security/DrbgParameters done
Event: 4.087 Loading class java/security/DrbgParameters$Instantiation
Event: 4.087 Loading class java/security/DrbgParameters$Instantiation done
Event: 4.087 Loading class sun/security/provider/HashDrbg
Event: 4.087 Loading class sun/security/provider/AbstractHashDrbg
Event: 4.087 Loading class sun/security/provider/AbstractDrbg
Event: 4.088 Loading class sun/security/provider/AbstractDrbg done
Event: 4.088 Loading class sun/security/provider/AbstractHashDrbg done
Event: 4.088 Loading class sun/security/provider/HashDrbg done
Event: 4.088 Loading class sun/security/provider/EntropySource
Event: 4.088 Loading class sun/security/provider/EntropySource done
Event: 4.143 Loading class java/lang/ProcessEnvironment$CheckedKeySet
Event: 4.143 Loading class java/lang/ProcessEnvironment$CheckedKeySet done

Classes unloaded (0 events):
No events

Classes redefined (0 events):
No events

Internal exceptions (20 events):
Event: 0.505 Thread 0x00000252e01c26e0 Exception <a 'java/lang/NoSuchMethodError'{0x000000071477dbd0}: 'void java.lang.invoke.DirectMethodHandle$Holder.invokeVirtual(java.lang.Object, java.lang.Object)'> (0x000000071477dbd0) 
thrown [s\src\hotspot\share\interpreter\linkResolver.cpp, line 804]
Event: 0.511 Thread 0x00000252e01c26e0 Exception <a 'java/lang/NoSuchMethodError'{0x00000007147a04e8}: 'void java.lang.invoke.DirectMethodHandle$Holder.invokeStatic(java.lang.Object, java.lang.Object)'> (0x00000007147a04e8) 
thrown [s\src\hotspot\share\interpreter\linkResolver.cpp, line 804]
Event: 0.512 Thread 0x00000252e01c26e0 Exception <a 'java/lang/NoSuchMethodError'{0x00000007147a8290}: 'void java.lang.invoke.DirectMethodHandle$Holder.invokeStaticInit(java.lang.Object, java.lang.Object)'> (0x00000007147a8290) 
thrown [s\src\hotspot\share\interpreter\linkResolver.cpp, line 804]
Event: 0.545 Thread 0x00000252e01c26e0 Exception <a 'java/lang/NoSuchMethodError'{0x0000000714407688}: 'void java.lang.invoke.DirectMethodHandle$Holder.invokeStatic(java.lang.Object, java.lang.Object, java.lang.Object)'> (0x0000000714407688) 
thrown [s\src\hotspot\share\interpreter\linkResolver.cpp, line 804]
Event: 0.606 Thread 0x00000252e01c26e0 Exception <a 'java/lang/NullPointerException'{0x00000007144c0698}> (0x00000007144c0698) 
thrown [s\src\hotspot\share\interpreter\linkResolver.cpp, line 1416]
Event: 0.607 Thread 0x00000252e01c26e0 Exception <a 'java/lang/NullPointerException'{0x00000007144c6e68}> (0x00000007144c6e68) 
thrown [s\src\hotspot\share\interpreter\linkResolver.cpp, line 1416]
Event: 0.662 Thread 0x00000252e01c26e0 Exception <a 'java/lang/NoSuchMethodError'{0x00000007145d2820}: 'java.lang.Object java.lang.invoke.DirectMethodHandle$Holder.invokeSpecialIFC(java.lang.Object, java.lang.Object, java.lang.Object, java.lang.Object)'> (0x00000007145d2820) 
thrown [s\src\hotspot\share\interpreter\linkResolver.cpp, line 804]
Event: 1.088 Thread 0x00000252e01c26e0 Exception <a 'java/lang/NoSuchMethodError'{0x0000000713ff17b0}: 'void java.lang.invoke.DirectMethodHandle$Holder.invokeSpecial(java.lang.Object, java.lang.Object, java.lang.Object)'> (0x0000000713ff17b0) 
thrown [s\src\hotspot\share\interpreter\linkResolver.cpp, line 804]
Event: 1.147 Thread 0x00000252e01c26e0 Exception <a 'java/lang/NoSuchMethodError'{0x0000000713d444d8}: 'java.lang.Object java.lang.invoke.DirectMethodHandle$Holder.invokeInterface(java.lang.Object, java.lang.Object)'> (0x0000000713d444d8) 
thrown [s\src\hotspot\share\interpreter\linkResolver.cpp, line 804]
Event: 1.175 Thread 0x00000252e01c26e0 Exception <a 'java/lang/NoSuchMethodError'{0x0000000713a0da18}: 'int java.lang.invoke.DirectMethodHandle$Holder.invokeStatic(java.lang.Object, java.lang.Object, java.lang.Object, java.lang.Object)'> (0x0000000713a0da18) 
thrown [s\src\hotspot\share\interpreter\linkResolver.cpp, line 804]
Event: 1.184 Thread 0x00000252e01c26e0 Exception <a 'java/lang/NoSuchMethodError'{0x0000000713a375f0}: 'int java.lang.invoke.DirectMethodHandle$Holder.invokeSpecialIFC(java.lang.Object, java.lang.Object, java.lang.Object, java.lang.Object, java.lang.Object)'> (0x0000000713a375f0) 
thrown [s\src\hotspot\share\interpreter\linkResolver.cpp, line 804]
Event: 1.290 Thread 0x00000252e01c26e0 Exception <a 'java/lang/NoSuchMethodError'{0x000000071385b620}: 'java.lang.Object java.lang.invoke.DirectMethodHandle$Holder.newInvokeSpecial(java.lang.Object, java.lang.Object, java.lang.Object, java.lang.Object, java.lang.Object)'> (0x000000071385b620) 
thrown [s\src\hotspot\share\interpreter\linkResolver.cpp, line 804]
Event: 1.345 Thread 0x00000252e01c26e0 Exception <a 'java/lang/NoSuchMethodError'{0x000000071399caf8}: 'int java.lang.invoke.DirectMethodHandle$Holder.invokeStaticInit(java.lang.Object, java.lang.Object)'> (0x000000071399caf8) 
thrown [s\src\hotspot\share\interpreter\linkResolver.cpp, line 804]
Event: 1.356 Thread 0x00000252e01c26e0 Exception <a 'java/lang/NoClassDefFoundError'{0x00000007139de168}: javax/enterprise/inject/Typed> (0x00000007139de168) 
thrown [s\src\hotspot\share\classfile\systemDictionary.cpp, line 316]
Event: 3.132 Thread 0x00000252e01c26e0 Exception <a 'java/lang/NoSuchMethodError'{0x00000007140c5cc0}: 'void java.lang.invoke.DirectMethodHandle$Holder.invokeStaticInit(java.lang.Object, java.lang.Object, java.lang.Object)'> (0x00000007140c5cc0) 
thrown [s\src\hotspot\share\interpreter\linkResolver.cpp, line 804]
Event: 3.167 Thread 0x00000252e01c26e0 Implicit null exception at 0x00000252f2d1969d to 0x00000252f2d19828
Event: 3.172 Thread 0x00000252e01c26e0 Exception <a 'java/lang/NoSuchMethodError'{0x000000071415aff8}: 'java.lang.Object java.lang.invoke.Invokers$Holder.invokeExact_MT(java.lang.Object, int, java.lang.Object)'> (0x000000071415aff8) 
thrown [s\src\hotspot\share\interpreter\linkResolver.cpp, line 804]
Event: 3.788 Thread 0x00000252e01c26e0 Exception <a 'java/lang/NoSuchMethodError'{0x0000000713607188}: 'void java.lang.invoke.Invokers$Holder.invokeExact_MT(java.lang.Object, java.lang.Object, java.lang.Object, java.lang.Object)'> (0x0000000713607188) 
thrown [s\src\hotspot\share\interpreter\linkResolver.cpp, line 804]
Event: 3.841 Thread 0x00000252e01c26e0 Exception <a 'java/lang/NoClassDefFoundError'{0x000000071369d670}: com/google/inject/servlet/ServletModuleTargetVisitor> (0x000000071369d670) 
thrown [s\src\hotspot\share\classfile\systemDictionary.cpp, line 316]
Event: 4.090 Thread 0x00000252e01c26e0 Exception <a 'java/lang/NoSuchMethodError'{0x0000000713539800}: 'java.lang.Object java.lang.invoke.DirectMethodHandle$Holder.invokeStaticInit(java.lang.Object, int, int, int, int)'> (0x0000000713539800) 
thrown [s\src\hotspot\share\interpreter\linkResolver.cpp, line 804]

VM Operations (20 events):
Event: 2.496 Executing safepoint VM operation: G1CollectForAllocation (G1 Evacuation Pause)
Event: 2.503 Executing safepoint VM operation: G1CollectForAllocation (G1 Evacuation Pause) done
Event: 2.645 Executing non-safepoint VM operation: HandshakeAllThreads (Deoptimize)
Event: 2.645 Executing non-safepoint VM operation: HandshakeAllThreads (Deoptimize) done
Event: 3.141 Executing non-safepoint VM operation: HandshakeAllThreads (Deoptimize)
Event: 3.141 Executing non-safepoint VM operation: HandshakeAllThreads (Deoptimize) done
Event: 3.280 Executing non-safepoint VM operation: HandshakeAllThreads (Deoptimize)
Event: 3.280 Executing non-safepoint VM operation: HandshakeAllThreads (Deoptimize) done
Event: 3.285 Executing non-safepoint VM operation: HandshakeAllThreads (Deoptimize)
Event: 3.285 Executing non-safepoint VM operation: HandshakeAllThreads (Deoptimize) done
Event: 3.457 Executing non-safepoint VM operation: HandshakeAllThreads (Deoptimize)
Event: 3.457 Executing non-safepoint VM operation: HandshakeAllThreads (Deoptimize) done
Event: 3.768 Executing non-safepoint VM operation: HandshakeAllThreads (Deoptimize)
Event: 3.768 Executing non-safepoint VM operation: HandshakeAllThreads (Deoptimize) done
Event: 4.001 Executing non-safepoint VM operation: HandshakeAllThreads (Deoptimize)
Event: 4.001 Executing non-safepoint VM operation: HandshakeAllThreads (Deoptimize) done
Event: 4.056 Executing non-safepoint VM operation: HandshakeAllThreads (Deoptimize)
Event: 4.056 Executing non-safepoint VM operation: HandshakeAllThreads (Deoptimize) done
Event: 4.125 Executing non-safepoint VM operation: HandshakeAllThreads (Deoptimize)
Event: 4.125 Executing non-safepoint VM operation: HandshakeAllThreads (Deoptimize) done

Memory protections (0 events):
No events

Nmethod flushes (0 events):
No events

Events (20 events):
Event: 0.068 Thread 0x00000252e01c26e0 Thread added: 0x000002528217b550
Event: 0.068 Thread 0x00000252e01c26e0 Thread added: 0x000002528217bfb0
Event: 0.068 Thread 0x00000252e01c26e0 Thread added: 0x000002528217d6e0
Event: 0.068 Thread 0x00000252e01c26e0 Thread added: 0x0000025282180fb0
Event: 0.068 Thread 0x00000252e01c26e0 Thread added: 0x0000025282186060
Event: 0.069 Thread 0x00000252e01c26e0 Thread added: 0x0000025282189650
Event: 0.069 Thread 0x00000252e01c26e0 Thread added: 0x000002528218ef10
Event: 0.069 Thread 0x00000252e01c26e0 Thread added: 0x00000252821908d0
Event: 0.085 Thread 0x00000252e01c26e0 Thread added: 0x00000252823e81f0
Event: 0.087 Thread 0x00000252e01c26e0 Thread added: 0x00000252823eda40
Event: 0.312 Thread 0x000002528218ef10 Thread added: 0x000002528271d110
Event: 0.455 Thread 0x00000252e01c26e0 Thread added: 0x000002528717f070
Event: 0.488 Thread 0x000002528717f070 Thread exited: 0x000002528717f070
Event: 1.081 Thread 0x000002528271d110 Thread exited: 0x000002528271d110
Event: 1.377 Thread 0x00000252821908d0 Thread added: 0x00000252878c7010
Event: 1.419 Thread 0x00000252821908d0 Thread added: 0x00000252878ea3b0
Event: 2.325 Thread 0x00000252878ea3b0 Thread exited: 0x00000252878ea3b0
Event: 2.649 Thread 0x00000252878c7010 Thread exited: 0x00000252878c7010
Event: 3.201 Thread 0x00000252821908d0 Thread added: 0x00000252879659b0
Event: 3.892 Thread 0x00000252879659b0 Thread exited: 0x00000252879659b0


Dynamic libraries:
0x00007ff6a9e30000 - 0x00007ff6a9e3e000 	C:\Users\phalg\.jdk\jdk-25\jdk-25.0.2\bin\java.exe
0x00007fffda1e0000 - 0x00007fffda446000 	C:\WINDOWS\SYSTEM32\ntdll.dll
0x00007fffd8980000 - 0x00007fffd8a49000 	C:\WINDOWS\System32\KERNEL32.DLL
0x00007fffd76a0000 - 0x00007fffd7a9f000 	C:\WINDOWS\System32\KERNELBASE.dll
0x00007fffd7ab0000 - 0x00007fffd7bfc000 	C:\WINDOWS\System32\ucrtbase.dll
0x00007fff99dd0000 - 0x00007fff99dee000 	C:\Users\phalg\.jdk\jdk-25\jdk-25.0.2\bin\VCRUNTIME140.dll
0x00007fff99e60000 - 0x00007fff99e77000 	C:\Users\phalg\.jdk\jdk-25\jdk-25.0.2\bin\jli.dll
0x00007fffd8160000 - 0x00007fffd8326000 	C:\WINDOWS\System32\USER32.dll
0x00007fffd7c10000 - 0x00007fffd7c37000 	C:\WINDOWS\System32\win32u.dll
0x00007fffb1330000 - 0x00007fffb15c1000 	C:\WINDOWS\WinSxS\amd64_microsoft.windows.common-controls_6595b64144ccf1df_6.0.26100.8972_none_3e0da176e32f9d4b\COMCTL32.dll
0x00007fffd8740000 - 0x00007fffd876b000 	C:\WINDOWS\System32\GDI32.dll
0x00007fffd8690000 - 0x00007fffd8739000 	C:\WINDOWS\System32\msvcrt.dll
0x00007fffd73f0000 - 0x00007fffd7519000 	C:\WINDOWS\System32\gdi32full.dll
0x00007fffd7c40000 - 0x00007fffd7ce3000 	C:\WINDOWS\System32\msvcp_win.dll
0x00007fffd8ee0000 - 0x00007fffd8f12000 	C:\WINDOWS\System32\IMM32.DLL
0x00007fffad490000 - 0x00007fffad49c000 	C:\Users\phalg\.jdk\jdk-25\jdk-25.0.2\bin\vcruntime140_1.dll
0x00007fff92f50000 - 0x00007fff92fd9000 	C:\Users\phalg\.jdk\jdk-25\jdk-25.0.2\bin\msvcp140.dll
0x00007fff3f910000 - 0x00007fff4083f000 	C:\Users\phalg\.jdk\jdk-25\jdk-25.0.2\bin\server\jvm.dll
0x00007fffd92b0000 - 0x00007fffd936c000 	C:\WINDOWS\System32\ADVAPI32.dll
0x00007fffd8090000 - 0x00007fffd813a000 	C:\WINDOWS\System32\sechost.dll
0x00007fffd7f10000 - 0x00007fffd8028000 	C:\WINDOWS\System32\RPCRT4.dll
0x00007fffd88f0000 - 0x00007fffd8972000 	C:\WINDOWS\System32\WS2_32.dll
0x00007fffd7250000 - 0x00007fffd72ae000 	C:\WINDOWS\SYSTEM32\POWRPROF.dll
0x00007fffc2790000 - 0x00007fffc279b000 	C:\WINDOWS\SYSTEM32\VERSION.dll
0x00007fffcb200000 - 0x00007fffcb236000 	C:\WINDOWS\SYSTEM32\WINMM.dll
0x00007fffd7230000 - 0x00007fffd7245000 	C:\WINDOWS\SYSTEM32\UMPDC.dll
0x00007fffd60e0000 - 0x00007fffd60fb000 	C:\WINDOWS\SYSTEM32\kernel.appcore.dll
0x00007fffad440000 - 0x00007fffad44a000 	C:\Users\phalg\.jdk\jdk-25\jdk-25.0.2\bin\jimage.dll
0x00007fffd49a0000 - 0x00007fffd4be2000 	C:\WINDOWS\SYSTEM32\DBGHELP.DLL
0x00007fffd8f20000 - 0x00007fffd92a5000 	C:\WINDOWS\System32\combase.dll
0x00007fffd8770000 - 0x00007fffd8849000 	C:\WINDOWS\System32\OLEAUT32.dll
0x00007fffb0740000 - 0x00007fffb077b000 	C:\WINDOWS\SYSTEM32\dbgcore.DLL
0x00007fffd7520000 - 0x00007fffd75cc000 	C:\WINDOWS\System32\bcryptPrimitives.dll
0x00007fff934f0000 - 0x00007fff9350f000 	C:\Users\phalg\.jdk\jdk-25\jdk-25.0.2\bin\java.dll
0x00007fffd8330000 - 0x00007fffd84c9000 	C:\WINDOWS\System32\ole32.dll
0x00007fffd9410000 - 0x00007fffd9b98000 	C:\WINDOWS\System32\SHELL32.dll
0x00007fffd4e80000 - 0x00007fffd571b000 	C:\WINDOWS\SYSTEM32\windows.storage.dll
0x00007fffd8d50000 - 0x00007fffd8e49000 	C:\WINDOWS\System32\SHCORE.dll
0x00007fffd8550000 - 0x00007fffd85b6000 	C:\WINDOWS\System32\shlwapi.dll
0x00007fffd7310000 - 0x00007fffd7339000 	C:\WINDOWS\SYSTEM32\profapi.dll
0x00007fff931b0000 - 0x00007fff931c2000 	C:\Users\phalg\.jdk\jdk-25\jdk-25.0.2\bin\net.dll
0x00007fffd6690000 - 0x00007fffd66fc000 	C:\WINDOWS\system32\mswsock.dll
0x00007fff93190000 - 0x00007fff931a6000 	C:\Users\phalg\.jdk\jdk-25\jdk-25.0.2\bin\nio.dll
0x00007fff93170000 - 0x00007fff93187000 	C:\Users\phalg\.jdk\jdk-25\jdk-25.0.2\bin\zip.dll
0x00007fff92f20000 - 0x00007fff92f44000 	C:\Users\phalg\.m2\wrapper\dists\apache-maven-3.9.16\0daed3be3ebd1c706f0e69e8b07c6b73f5cc4ea3dfce72a8d0ec2e849ca2ddb0\lib\jansi-native\Windows\x86_64\jansi.dll
0x00007fffa4e80000 - 0x00007fffa4e90000 	C:\Users\phalg\.jdk\jdk-25\jdk-25.0.2\bin\verify.dll

JVMTI agents: none

dbghelp: loaded successfully - version: 4.0.5 - missing functions: none
symbol engine: initialized successfully - sym options: 0x614 - pdb path: .;C:\Users\phalg\.jdk\jdk-25\jdk-25.0.2\bin;C:\WINDOWS\SYSTEM32;C:\WINDOWS\WinSxS\amd64_microsoft.windows.common-controls_6595b64144ccf1df_6.0.26100.8972_none_3e0da176e32f9d4b;C:\Users\phalg\.jdk\jdk-25\jdk-25.0.2\bin\server;C:\Users\phalg\.m2\wrapper\dists\apache-maven-3.9.16\0daed3be3ebd1c706f0e69e8b07c6b73f5cc4ea3dfce72a8d0ec2e849ca2ddb0\lib\jansi-native\Windows\x86_64

VM Arguments:
jvm_args: --enable-native-access=ALL-UNNAMED -Dclassworlds.conf=C:\Users\phalg\.m2\wrapper\dists\apache-maven-3.9.16\0daed3be3ebd1c706f0e69e8b07c6b73f5cc4ea3dfce72a8d0ec2e849ca2ddb0\bin\m2.conf -Dmaven.home=C:\Users\phalg\.m2\wrapper\dists\apache-maven-3.9.16\0daed3be3ebd1c706f0e69e8b07c6b73f5cc4ea3dfce72a8d0ec2e849ca2ddb0 -Dlibrary.jansi.path=C:\Users\phalg\.m2\wrapper\dists\apache-maven-3.9.16\0daed3be3ebd1c706f0e69e8b07c6b73f5cc4ea3dfce72a8d0ec2e849ca2ddb0\lib\jansi-native -Dmaven.multiModuleProjectDirectory=d:\distributed-rate-limiter\distributed-rate-limiter 
java_command: org.codehaus.plexus.classworlds.launcher.Launcher dependency:tree -B
java_class_path (initial): C:\Users\phalg\.m2\wrapper\dists\apache-maven-3.9.16\0daed3be3ebd1c706f0e69e8b07c6b73f5cc4ea3dfce72a8d0ec2e849ca2ddb0\boot\plexus-classworlds-2.11.0.jar
Launcher Type: SUN_STANDARD

[Global flags]
     intx CICompilerCount                          = 4                                         {product} {ergonomic}
     uint ConcGCThreads                            = 3                                         {product} {ergonomic}
     uint G1ConcRefinementThreads                  = 10                                        {product} {ergonomic}
   size_t G1HeapRegionSize                         = 2097152                                   {product} {ergonomic}
   size_t InitialHeapSize                          = 264241152                                 {product} {ergonomic}
   size_t MarkStackSize                            = 4194304                                   {product} {ergonomic}
   size_t MarkStackSizeMax                         = 536870912                                 {product} {ergonomic}
   size_t MaxHeapSize                              = 4208984064                                {product} {ergonomic}
   size_t MaxNewSize                               = 2524971008                                {product} {ergonomic}
   size_t MinHeapDeltaBytes                        = 2097152                                   {product} {ergonomic}
   size_t MinHeapSize                              = 8388608                                   {product} {ergonomic}
    uintx NonNMethodCodeHeapSize                   = 5832704                                {pd product} {ergonomic}
    uintx NonProfiledCodeHeapSize                  = 122945536                              {pd product} {ergonomic}
    uintx ProfiledCodeHeapSize                     = 122880000                              {pd product} {ergonomic}
    uintx ReservedCodeCacheSize                    = 251658240                              {pd product} {ergonomic}
     bool SegmentedCodeCache                       = true                                      {product} {ergonomic}
   size_t SoftMaxHeapSize                          = 4208984064                             {manageable} {ergonomic}
     bool UseCompressedOops                        = true                           {product lp64_product} {ergonomic}
     bool UseG1GC                                  = true                                      {product} {ergonomic}
     bool UseLargePagesIndividualAllocation        = false                                  {pd product} {ergonomic}

Logging:
Log output configuration:
 #0: stdout all=warning uptime,level,tags foldmultilines=false
 #1: stderr all=off uptime,level,tags foldmultilines=false

Release file:
IMPLEMENTOR="Microsoft" 
IMPLEMENTOR_VERSION="Microsoft-13053607" 
JAVA_RUNTIME_VERSION="25.0.2+10-LTS" 
JAVA_VERSION="25.0.2" 
JAVA_VERSION_DATE="2026-01-20" 
LIBC="default" 
MODULES="java.base java.compiler java.datatransfer java.xml java.prefs java.desktop java.instrument java.logging java.management java.security.sasl java.naming java.rmi java.management.rmi java.net.http java.scripting java.security.jgss java.transaction.xa java.sql java.sql.rowset java.xml.crypto java.se java.smartcardio jdk.accessibility jdk.internal.jvmstat jdk.attach jdk.charsets jdk.internal.opt jdk.zipfs jdk.compiler jdk.crypto.cryptoki jdk.crypto.ec jdk.crypto.mscapi jdk.dynalink jdk.internal.ed jdk.editpad jdk.internal.vm.ci jdk.graal.compiler jdk.graal.compiler.management jdk.hotspot.agent jdk.httpserver jdk.incubator.vector jdk.internal.le jdk.internal.md jdk.jartool jdk.javadoc jdk.jcmd jdk.management jdk.management.agent jdk.jconsole jdk.jdeps jdk.jdwp.agent jdk.jdi jdk.jfr jdk.jlink jdk.jpackage jdk.jshell jdk.jsobject jdk.jstatd jdk.localedata jdk.management.jfr jdk.naming.dns jdk.naming.rmi jdk.net jdk.nio.mapmode jdk.sctp jdk.security.auth jdk.security.jgss jdk.unsupported jdk.unsupported.desktop jdk.xml.dom" 
OS_ARCH="x86_64" 
OS_NAME="Windows" 
SOURCE=".:git:8d8ffc5eb201" 

Environment Variables:
JAVA_HOME=C:\Users\phalg\.jdk\jdk-25\jdk-25.0.2
PATH=C:\Users\phalg\.jdk\jdk-25\jdk-25.0.2\bin;C:\Users\phalg\.jdk\jdk-25\jdk-25.0.2\bin;C:\Python314\Scripts\;C:\Python314\;C:\Program Files\Common Files\Oracle\Java\javapath;C:\WINDOWS\system32;C:\WINDOWS;C:\WINDOWS\System32\Wbem;C:\WINDOWS\System32\WindowsPowerShell\v1.0\;C:\WINDOWS\System32\OpenSSH\;C:\MinGW\bin;C:\Program Files\Git\cmd;C:\WINDOWS\system32;C:\WINDOWS;C:\WINDOWS\System32\Wbem;C:\WINDOWS\System32\WindowsPowerShell\v1.0\;C:\WINDOWS\System32\OpenSSH\;C:\Program Files\GitHub CLI\;C:\ProgramData\chocolatey\bin;C:\Program Files\nodejs\;C:\Program Files\MySQL\MySQL Shell 8.0\bin\;C:\Users\phalg\AppData\Local\Programs\Python\Python312\Scripts\;C:\Users\phalg\AppData\Local\Programs\Python\Python312\;C:\Users\phalg\AppData\Local\Microsoft\WindowsApps;C:\Program Files\JetBrains\PyCharm 2023.2.1\bin;C:\Users\phalg\AppData\Local\Programs\Microsoft VS Code\bin;C:\Users\phalg\AppData\Local\JetBrains\Toolbox\scripts;C:\Program Files (x86)\Atmel\Flip 3.4.7\bin;D:\VS code\Java\jdk-23\IntelliJ IDEA Community Edition 2024.2.3\bin;;C:\Users\phalg\AppData\Local\Microsoft\WindowsApps;C:\Users\phalg\AppData\Roaming\npm;D:\SDK-ADS\flutter_windows_3.44.6-stable\flutter\bin;C:\Users\phalg\AppData\Local\Programs\Swift\Toolchains\6.3.3+Asserts\usr\bin\;C:\Users\phalg\AppData\Local\Programs\Swift\Runtimes\6.3.3\usr\bin\;C:\Users\phalg\AppData\Local\Programs\Swift\Toolchains\6.3.3+Asserts\usr\bin;C:\Users\phalg\AppData\Local\Google\Cloud SDK\google-cloud-sdk\bin;D:\apache-maven-3.9.16-bin\apache-maven-3.9.16\bin;
USERNAME=phalg
OS=Windows_NT
PROCESSOR_IDENTIFIER=Intel64 Family 6 Model 154 Stepping 4, GenuineIntel
TMP=C:\Users\phalg\AppData\Local\Temp
TEMP=C:\Users\phalg\AppData\Local\Temp




Compilation memory statistics disabled.

Periodic native trim disabled

---------------  S Y S T E M  ---------------

OS:
 Windows 11 , 64 bit Build 26100 (10.0.26100.9168)
OS uptime: 0 days 3:01 hours
Hyper-V role detected

CPU: total 12 (initial active 12) (6 cores per cpu, 2 threads per core) family 6 model 154 stepping 4 microcode 0x42c, cx8, cmov, fxsr, ht, mmx, 3dnowpref, sse, sse2, sse3, ssse3, sse4.1, sse4.2, popcnt, lzcnt, tsc, tscinvbit, avx, avx2, aes, erms, clmul, bmi1, bmi2, adx, sha, fma, vzeroupper, clflush, clflushopt, clwb, hv, serialize, rdtscp, rdpid, fsrm, gfni, f16c, cet_ibt, cet_ss
Processor Information for processor 0
  Max Mhz: 1300, Current Mhz: 1300, Mhz Limit: 1300
Processor Information for processor 1
  Max Mhz: 1300, Current Mhz: 1300, Mhz Limit: 1300
Processor Information for processor 2
  Max Mhz: 1300, Current Mhz: 1300, Mhz Limit: 1300
Processor Information for processor 3
  Max Mhz: 1300, Current Mhz: 1300, Mhz Limit: 1300
Processor Information for processor 4
  Max Mhz: 1300, Current Mhz: 900, Mhz Limit: 897
Processor Information for processor 5
  Max Mhz: 1300, Current Mhz: 900, Mhz Limit: 897
Processor Information for processor 6
  Max Mhz: 1300, Current Mhz: 900, Mhz Limit: 897
Processor Information for processor 7
  Max Mhz: 1300, Current Mhz: 900, Mhz Limit: 897
Processor Information for processor 8
  Max Mhz: 1300, Current Mhz: 900, Mhz Limit: 897
Processor Information for processor 9
  Max Mhz: 1300, Current Mhz: 900, Mhz Limit: 897
Processor Information for processor 10
  Max Mhz: 1300, Current Mhz: 900, Mhz Limit: 897
Processor Information for processor 11
  Max Mhz: 1300, Current Mhz: 900, Mhz Limit: 897

Memory: 4k page, system-wide physical 16055M (4038M free)
TotalPageFile size 16055M (AvailPageFile size 71M)
current process WorkingSet (physical memory assigned to process): 133M, peak: 133M
current process commit charge ("private bytes"): 379M, peak: 382M

vm_info: OpenJDK 64-Bit Server VM (25.0.2+10-LTS) for windows-amd64 JRE (25.0.2+10-LTS), built on 2026-01-07T20:19:54Z with MS VC++ 17.14 (VS2022)

END.
